[0m01:28:45  Running with dbt=1.12.0
[0m01:28:48  Registered adapter: snowflake=1.12.0
[0m01:28:50  Found 6 models, 17 data tests, 2 sources, 661 macros
[0m01:28:50  
[0m01:28:50  Concurrency: 4 threads (target='dev')
[0m01:28:50  
[0m01:28:57  1 of 23 START sql table model ANALYTICS.dim_date ............................... [RUN]
[0m01:28:57  2 of 23 START sql view model ANALYTICS.stg_prices .............................. [RUN]
[0m01:28:57  3 of 23 START sql view model ANALYTICS.stg_products ............................ [RUN]
[0m01:28:59  1 of 23 OK created sql table model ANALYTICS.dim_date .......................... [[32mSUCCESS 925[0m in 1.61s]
[0m01:28:59  4 of 23 START test not_null_dim_date_date_key .................................. [RUN]
[0m01:28:59  5 of 23 START test not_null_dim_date_full_date ................................. [RUN]
[0m01:28:59  5 of 23 PASS not_null_dim_date_full_date ....................................... [[32mPASS[0m in 0.55s]
[0m01:28:59  6 of 23 START test unique_dim_date_date_key .................................... [RUN]
[0m01:28:59  2 of 23 OK created sql view model ANALYTICS.stg_prices ......................... [[32mSUCCESS 1[0m in 2.25s]
[0m01:28:59  7 of 23 START test accepted_values_stg_prices_price_format__plain_price__unit_price__multi_buy__estimated__other  [RUN]
[0m01:29:00  6 of 23 PASS unique_dim_date_date_key .......................................... [[32mPASS[0m in 0.29s]
[0m01:29:00  8 of 23 START test not_null_stg_prices_is_on_sale .............................. [RUN]
[0m01:29:00  3 of 23 OK created sql view model ANALYTICS.stg_products ....................... [[32mSUCCESS 1[0m in 2.92s]
[0m01:29:00  9 of 23 START test not_null_stg_prices_observed_at ............................. [RUN]
[0m01:29:00  4 of 23 PASS not_null_dim_date_date_key ........................................ [[32mPASS[0m in 1.76s]
[0m01:29:01  10 of 23 START test not_null_stg_prices_product_daily_id ....................... [RUN]
[0m01:29:08  10 of 23 PASS not_null_stg_prices_product_daily_id ............................. [[32mPASS[0m in 7.15s]
[0m01:29:08  11 of 23 START test not_null_stg_products_product_daily_id ..................... [RUN]
[0m01:29:08  9 of 23 PASS not_null_stg_prices_observed_at ................................... [[32mPASS[0m in 7.74s]
[0m01:29:08  11 of 23 PASS not_null_stg_products_product_daily_id ........................... [[32mPASS[0m in 0.31s]
[0m01:29:08  12 of 23 START sql view model ANALYTICS.int_products ........................... [RUN]
[0m01:29:08  12 of 23 OK created sql view model ANALYTICS.int_products ...................... [[32mSUCCESS 1[0m in 0.35s]
[0m01:29:08  13 of 23 START sql table model ANALYTICS.dim_products .......................... [RUN]
[0m01:29:10  13 of 23 OK created sql table model ANALYTICS.dim_products ..................... [[32mSUCCESS 189483[0m in 2.01s]
[0m01:29:10  14 of 23 START test accepted_values_dim_products_key_tier__upc__sku__hash__unknown  [RUN]
[0m01:29:10  15 of 23 START test not_null_dim_products_product_key .......................... [RUN]
[0m01:29:11  15 of 23 PASS not_null_dim_products_product_key ................................ [[32mPASS[0m in 0.42s]
[0m01:29:11  16 of 23 START test not_null_dim_products_vendor ............................... [RUN]
[0m01:29:11  14 of 23 PASS accepted_values_dim_products_key_tier__upc__sku__hash__unknown ... [[32mPASS[0m in 0.48s]
[0m01:29:11  17 of 23 START test unique_dim_products_product_key ............................ [RUN]
[0m01:29:11  16 of 23 PASS not_null_dim_products_vendor ..................................... [[32mPASS[0m in 0.35s]
[0m01:29:11  17 of 23 PASS unique_dim_products_product_key .................................. [[32mPASS[0m in 0.40s]
[0m01:29:26  8 of 23 PASS not_null_stg_prices_is_on_sale .................................... [[32mPASS[0m in 26.67s]
[0m01:29:30  7 of 23 PASS accepted_values_stg_prices_price_format__plain_price__unit_price__multi_buy__estimated__other  [[32mPASS[0m in 30.93s]
[0m01:29:30  18 of 23 START sql table model ANALYTICS.fct_prices ............................ [RUN]
[0m01:30:06  18 of 23 OK created sql table model ANALYTICS.fct_prices ....................... [[32mSUCCESS 70181877[0m in 36.14s]
[0m01:30:06  19 of 23 START test not_null_fct_prices_date_key ............................... [RUN]
[0m01:30:06  20 of 23 START test not_null_fct_prices_is_valid_price ......................... [RUN]
[0m01:30:07  21 of 23 START test not_null_fct_prices_product_key ............................ [RUN]
[0m01:30:07  22 of 23 START test relationships_fct_prices_date_key__date_key__ref_dim_date_ . [RUN]
[0m01:30:07  20 of 23 PASS not_null_fct_prices_is_valid_price ............................... [[32mPASS[0m in 0.51s]
[0m01:30:07  21 of 23 PASS not_null_fct_prices_product_key .................................. [[32mPASS[0m in 0.52s]
[0m01:30:07  23 of 23 START test relationships_fct_prices_product_key__product_key__ref_dim_products_  [RUN]
[0m01:30:07  22 of 23 PASS relationships_fct_prices_date_key__date_key__ref_dim_date_ ....... [[32mPASS[0m in 0.68s]
[0m01:30:07  19 of 23 PASS not_null_fct_prices_date_key ..................................... [[32mPASS[0m in 0.78s]
[0m01:30:08  23 of 23 PASS relationships_fct_prices_product_key__product_key__ref_dim_products_  [[32mPASS[0m in 0.65s]
[0m01:30:09  
[0m01:30:09  Finished running 3 table models, 17 data tests, 3 view models in 0 hours 1 minutes and 19.00 seconds (79.00s).
[0m01:30:09  
[0m01:30:09  [32mCompleted successfully[0m
[0m01:30:09  
[0m01:30:09  Done. PASS=23 WARN=0 ERROR=0 SKIP=0 NO-OP=0 REUSED=0 TOTAL=23
